// Jest Snapshot v1, https://goo.gl/fbAQLP

exports[`<Example /> should match snapshot 1`] = `
<div
  data-test-id="Example"
>
  Example
</div>
`;
